2026/04/22 22:14:19 Downloading source code...

2026/04/22 22:14:20 Finished downloading source code

2026/04/22 22:14:20 Using acb_vol_a83dd585-eeeb-4609-b3de-4e82017e7780 as the home volume
2026/04/22 22:14:20 Setting up Docker configuration...
2026/04/22 22:14:21 Successfully set up Docker configuration
2026/04/22 22:14:21 Logging in to registry: aidemoacrm23gd3.azurecr.io
2026/04/22 22:14:22 Successfully logged into aidemoacrm23gd3.azurecr.io
2026/04/22 22:14:22 Executing step ID: build. Timeout(sec): 28800, Working directory: '', Network: ''
2026/04/22 22:14:22 Scanning for dependencies...
2026/04/22 22:14:22 Successfully scanned dependencies
2026/04/22 22:14:22 Launching container with name: build

Sending build context to Docker daemon  212.5kB


Step 1/20 : FROM node:20-alpine AS deps
20-alpine: Pulling from library/node
6a0ac1617861: Pulling fs layer
4feea04c1543: Pulling fs layer
b2cbbfe903b0: Pulling fs layer
fff4e2c1b189: Pulling fs layer
fff4e2c1b189: Waiting
b2cbbfe903b0: Verifying Checksum

b2cbbfe903b0: Download complete
6a0ac1617861: Verifying Checksum
6a0ac1617861: Download complete
6a0ac1617861: Pull complete
4feea04c1543: Verifying Checksum
4feea04c1543: Download complete
fff4e2c1b189: Verifying Checksum
fff4e2c1b189: Download complete
4feea04c1543: Pull complete

b2cbbfe903b0: Pull complete
fff4e2c1b189: Pull complete
Digest: sha256:fb4cd12c85ee03686f6af5362a0b0d56d50c58a04632e6c0fb8363f609372293
Status: Downloaded newer image for node:20-alpine
 ---> 11cedc39e663
Step 2/20 : WORKDIR /app
 ---> Running in 0b2769311e47
Removing intermediate container 0b2769311e47
 ---> 2862dc143847
Step 3/20 : COPY web/package.json ./package.json
 ---> a33326c75444
Step 4/20 : RUN npm install --no-audit --no-fund

 ---> Running in 5948e757a2fb


npm warn deprecated inflight@1.0.6: This module is not supported, and leaks memory. Do not use it. Check out lru-cache if you want a good and tested way to coalesce async requests by a key value, which is much more comprehensive and powerful.

npm warn deprecated rimraf@3.0.2: Rimraf versions prior to v4 are no longer supported
npm warn deprecated @humanwhocodes/object-schema@2.0.3: Use @eslint/object-schema instead

npm warn deprecated @humanwhocodes/config-array@0.13.0: Use @eslint/config-array instead
npm warn deprecated glob@7.2.3: Old versions of glob are not supported, and contain widely publicized security vulnerabilities, which have been fixed in the current version. Please update. Support for old versions may be purchased (at exorbitant rates) by contacting i@izs.me
npm warn deprecated glob@10.3.10: Old versions of glob are not supported, and contain widely publicized security vulnerabilities, which have been fixed in the current version. Please update. Support for old versions may be purchased (at exorbitant rates) by contacting i@izs.me
npm warn deprecated eslint@8.57.1: This version is no longer supported. Please see https://eslint.org/version-support for other options.

npm warn deprecated next@14.2.18: This version has a security vulnerability. Please upgrade to a patched version. See https://nextjs.org/blog/security-update-2025-12-11 for more details.


added 447 packages in 50s
npm notice
npm notice New major version of npm available! 10.8.2 -> 11.13.0
npm notice Changelog: https://github.com/npm/cli/releases/tag/v11.13.0
npm notice To update run: npm install -g npm@11.13.0
npm notice


Removing intermediate container 5948e757a2fb
 ---> 345f27a7ca11
Step 5/20 : FROM node:20-alpine AS builder

20-alpine: Pulling from library/node
Digest: sha256:fb4cd12c85ee03686f6af5362a0b0d56d50c58a04632e6c0fb8363f609372293
Status: Image is up to date for node:20-alpine
 ---> 11cedc39e663
Step 6/20 : WORKDIR /app
 ---> Using cache
 ---> 2862dc143847
Step 7/20 : COPY --from=deps /app/node_modules ./node_modules
 ---> abdb991e0c05
Step 8/20 : COPY web/ .

ERROR: The command failed with an unexpected error. Here is the traceback:
ERROR: 'charmap' codec can't encode character '\u25b2' in position 275: character maps to <undefined>
Traceback (most recent call last):
  File "D:\a\_work\1\s\build_scripts\windows\artifacts\cli\Lib\site-packages\knack/cli.py", line 233, in invoke
  File "D:\a\_work\1\s\build_scripts\windows\artifacts\cli\Lib\site-packages\azure/cli/core/commands/__init__.py", line 666, in execute
  File "D:\a\_work\1\s\build_scripts\windows\artifacts\cli\Lib\site-packages\azure/cli/core/commands/__init__.py", line 734, in _run_jobs_serially
  File "D:\a\_work\1\s\build_scripts\windows\artifacts\cli\Lib\site-packages\azure/cli/core/commands/__init__.py", line 703, in _run_job
  File "D:\a\_work\1\s\build_scripts\windows\artifacts\cli\Lib\site-packages\azure/cli/core/commands/__init__.py", line 336, in __call__
  File "D:\a\_work\1\s\build_scripts\windows\artifacts\cli\Lib\site-packages\azure/cli/core/commands/command_operation.py", line 120, in handler
  File "D:\a\_work\1\s\build_scripts\windows\artifacts\cli\Lib\site-packages\azure/cli/command_modules/acr/task.py", line 1126, in acr_task_logs
  File "D:\a\_work\1\s\build_scripts\windows\artifacts\cli\Lib\site-packages\azure/cli/command_modules/acr/_stream_utils.py", line 56, in stream_logs
  File "D:\a\_work\1\s\build_scripts\windows\artifacts\cli\Lib\site-packages\azure/cli/command_modules/acr/_stream_utils.py", line 126, in _stream_logs
  File "D:\a\_work\1\s\build_scripts\windows\artifacts\cli\Lib\site-packages\colorama/ansitowin32.py", line 47, in write
  File "D:\a\_work\1\s\build_scripts\windows\artifacts\cli\Lib\site-packages\colorama/ansitowin32.py", line 177, in write
  File "D:\a\_work\1\s\build_scripts\windows\artifacts\cli\Lib\site-packages\colorama/ansitowin32.py", line 202, in write_and_convert
  File "D:\a\_work\1\s\build_scripts\windows\artifacts\cli\Lib\site-packages\colorama/ansitowin32.py", line 210, in write_plain_text
  File "encodings\cp1252.py", line 19, in encode
UnicodeEncodeError: 'charmap' codec can't encode character '\u25b2' in position 275: character maps to <undefined>
To check existing issues, please visit: https://github.com/Azure/azure-cli/issues
